Ôû▓ Next.js 16.2.1 (Turbopack)

  Creating an optimized production build ...
Ô£ô Compiled successfully in 2.9s
  Running TypeScript ...
node.exe : Failed to type 
check.
At C:\Program 
Files\nodejs\npx.ps1:29 
char:3
+   & $NODE_EXE $NPX_CLI_JS 
$args
+   
~~~~~~~~~~~~~~~~~~~~~~~~~~~~~
    + CategoryInfo           
   : NotSpecified: (Failed   
  to type check.:String) [   
 ], RemoteException
    + FullyQualifiedErrorId  
   : NativeCommandError
 

./app/page.tsx:447:15
Type error: Type '{ hidden: 
{ opacity: number; y: 
number; }; visible: (i?: 
number) => { opacity: 
number; y: number; 
transition: { duration: 
number; delay: number; ease: 
number[]; }; }; }' is not 
assignable to type 
'Variants'.
  Property 'visible' is 
incompatible with index 
signature.
    Type '(i?: number) => { 
opacity: number; y: number; 
transition: { duration: 
number; delay: number; ease: 
number[]; }; }' is not 
assignable to type 'Variant'.
      Type '(i?: number) => 
{ opacity: number; y: 
number; transition: { 
duration: number; delay: 
number; ease: number[]; }; 
}' is not assignable to type 
'TargetResolver'.
        Type '{ opacity: 
number; y: number; 
transition: { duration: 
number; delay: number; ease: 
number[]; }; }' is not 
assignable to type 'string | 
TargetAndTransition'.
          Type '{ opacity: 
number; y: number; 
transition: { duration: 
number; delay: number; ease: 
number[]; }; }' is not 
assignable to type 
'TargetAndTransition'.
            Type '{ opacity: 
number; y: number; 
transition: { duration: 
number; delay: number; ease: 
number[]; }; }' is not 
assignable to type '{ 
transition?: Transition<any> 
| undefined; transitionEnd?: 
ResolvedValues$1 | 
undefined; }'.
              Types of 
property 'transition' are 
incompatible.
                Type '{ 
duration: number; delay: 
number; ease: number[]; }' 
is not assignable to type 
'Transition<any> | 
undefined'.
                  Type '{ 
duration: number; delay: 
number; ease: number[]; }' 
is not assignable to type 'Tr
ansitionWithValueOverrides<an
y>'.
                    Type '{ 
duration: number; delay: 
number; ease: number[]; }' 
is not assignable to type 'Va
lueAnimationTransition<any>'.
                      Types 
of property 'ease' are 
incompatible.
                        Type 
'number[]' is not assignable 
to type 'Easing | Easing[] | 
undefined'.
                          
Type 'number[]' is not 
assignable to type 
'EasingFunction | Easing[]'.
                            
Type 'number[]' is not 
assignable to type 
'Easing[]'.
                             
 Type 'number' is not 
assignable to type 'Easing'.

  [90m445 |[0m             
  initial=[32m"hidden"[0m
  [90m446 |[0m             
  animate=[32m"visible"[0m
[31m[1m>[0m [90m447 
|[0m               
variants={fadeUp}
  [90m    |[0m             
  [31m[1m^[0m
  [90m448 |[0m             
  custom={[35m1[0m}
  [90m449 |[0m             
  style={{
  [90m450 |[0m             
    fontFamily: 
[32m"var(--serif)"[0m,
Next.js build worker exited 
with code: 1 and signal: null
